// Jest Snapshot v1, https://goo.gl/fbAQLP

exports[`validateDatadogHostname() invalid hostnames 1`] = `"Invalid DataDog host: somethingcompletelydifferent.com. See here for more details: https://docs.datadoghq.com/getting_started/site/"`;
